AttributeTypeDecl:
   AttributeTypeDecl = (attrRestrictionEnumType, null, enumType)
   Values = [value1, value2]

   AttributeTypeDecl = (attrStrEnumType1, null, strEnumType)
   Values = [value1, value2]

   AttributeTypeDecl = (attrStrEnumType2, null, strEnumType)
   Values = [value-1, value-2]

   AttributeTypeDecl = (attrUnionEnumType, null, enumType)
   Values = [value1, value2]

AttributeDecl:
   AttributeDecl = (attrRestrictionEnumType, null, null})
   AttributeTypeDecl = (attrRestrictionEnumType, null)

   AttributeDecl = (attrStrEnumType1, null, null})
   AttributeTypeDecl = (attrStrEnumType1, null)

   AttributeDecl = (attrStrEnumType2, null, null})
   AttributeTypeDecl = (attrStrEnumType2, null)

   AttributeDecl = (attrUnionEnumType, null, null})
   AttributeTypeDecl = (attrUnionEnumType, null)

AttributeGroupDecl:
ElementDecl:
   ElementDeclaration = (complex, false)
   ElementGroups = []
   NewAllowElements = []
   AttributeGroups = []
   NewAttributes =
      AttributeDecl = (attrRestrictionEnumType, null, null})
      AttributeTypeDecl = (attrRestrictionEnumType, null)

      AttributeDecl = (attrStrEnumType1, null, null})
      AttributeTypeDecl = (attrStrEnumType1, null)

      AttributeDecl = (attrStrEnumType2, null, null})
      AttributeTypeDecl = (attrStrEnumType2, null)

      AttributeDecl = (attrUnionEnumType, null, null})
      AttributeTypeDecl = (attrUnionEnumType, null)


ElementGroup:
